Case1
-----------------------------------
1. Upload a File to swift
largeFile.csv

I---
swift --insecure -A https://$PROXY_LOCAL_NET_IP:8080/auth/v1.0 -U system:root -K testpass upload Rebalance largeFile.csv

II----
swift --insecure -A https://$PROXY_LOCAL_NET_IP:8080/auth/v1.0 -U system:root -K testpass upload Rebalance RebalanceFile.csv

-----------------------------------
2.a Record time to read the file normally
swift@proxyNode:/etc/swift$ bash /home/swift/swiftRead.sh
largeFile.csv [auth 0.014s, headers 2.958s, total 870.624s, 2.508 MB/s]
return value ------------------- 0
Read Time: 871000 ms
if done

II
swift@proxyNode:/etc/swift$ bash /home/swift/swiftRead.sh
RebalanceFile.csv [auth 0.016s, headers 10.695s, total 200.395s, 10.899 MB/s]
return value ------------------- 0
Read Time: 200683 ms
if done

-----------------------------------

2. b Upload files and check lookup time
I
95ms

swift@proxyNode:/etc/swift$ swift-get-nodes object.ring.gz AUTH_system Rebalance largeFile.csv

Account 	AUTH_system
Container	Rebalance
Object   	largeFile.csv


Partition	0
Hash       	003a4156f325801b57b351646fed73bf

Server:Port Device	10.176.128.77:6000 sdb1
Server:Port Device	10.176.128.83:6000 sdb1
Server:Port Device	10.176.128.72:6000 sdb1
Server:Port Device	10.176.128.86:6000 sdb1	 [Handoff]
Server:Port Device	10.176.128.73:6000 sdb1	 [Handoff]
Server:Port Device	10.176.128.80:6000 sdb1	 [Handoff]

-----------------------------------
II
Time: 73 ms

swift@proxyNode:/etc/swift$ swift-get-nodes object.ring.gz AUTH_system Rebalance Rebalance.csv

Account 	AUTH_system
Container	Rebalance
Object   	Rebalance.csv


Partition	990
Hash       	f79f44102c2e890d4175ca090ad1b9f3

Server:Port Device	10.176.128.85:6000 sdb1
Server:Port Device	10.176.128.80:6000 sdb1
Server:Port Device	10.176.128.73:6000 sdb1
Server:Port Device	10.176.128.72:6000 sdb1	 [Handoff]
Server:Port Device	10.176.128.83:6000 sdb1	 [Handoff]
Server:Port Device	10.176.128.78:6000 sdb1	 [Handoff]

////////////////////////////////////////////
4. Current ring structure 

swift@proxyNode:/etc/swift$ swift-ring-builder object.builder 
object.builder, build version 24
1024 partitions, 3.000000 replicas, 1 regions, 4 zones, 14 devices, 999.99 balance
The minimum number of hours before a partition can be reassigned is 1
Devices:    id  region  zone      ip address  port  replication ip  replication port      name weight partitions balance meta
             0       1     1   10.176.128.71  6000   10.176.128.71              6000      sdb1  14.00        300   46.48 
             1       1     1   10.176.128.72  6000   10.176.128.72              6000      sdb1  16.00        331   41.42 
             2       1     1   10.176.128.73  6000   10.176.128.73              6000      sdb1  20.00        388   32.62 
             4       1     1   10.176.128.75  6000   10.176.128.75              6000      sdb1   0.00          4  999.99 
             5       1     2   10.176.128.76  6000   10.176.128.76              6000      sdb1   0.00         25  999.99 
             6       1     2   10.176.128.77  6000   10.176.128.77              6000      sdb1  20.00        333   13.82 
             7       1     2   10.176.128.78  6000   10.176.128.78              6000      sdb1  20.00        333   13.82 
             9       1     2   10.176.128.80  6000   10.176.128.80              6000      sdb1  20.00        333   13.82 
            10       1     3   10.176.128.81  6000   10.176.128.81              6000      sdb1  15.00        146  -33.46 
            11       1     3   10.176.128.82  6000   10.176.128.82              6000      sdb1  15.00        146  -33.46 
            12       1     3   10.176.128.83  6000   10.176.128.83              6000      sdb1  40.00        441  -24.63 
            13       1     3   10.176.128.84  6000   10.176.128.84              6000      sdb1  12.00        110  -37.34 
            14       1     3   10.176.128.85  6000   10.176.128.85              6000      sdb1  18.00        181  -31.26 
            15       1     4   10.176.128.86  6000   10.176.128.86              6000      sdb1   
0.00          1  999.99 

///////////////////////////// Weight of 77 is 20
-----------------------------------
II


swift@proxyNode:/etc/swift$ swift-ring-builder object.builder
object.builder, build version 26
1024 partitions, 3.000000 replicas, 1 regions, 4 zones, 14 devices, 999.99 balance
The minimum number of hours before a partition can be reassigned is 1
Devices:    id  region  zone      ip address  port  replication ip  replication port      name weight partitions balance meta
             0       1     1   10.176.128.71  6000   10.176.128.71              6000      sdb1  14.00        302   47.46 
             1       1     1   10.176.128.72  6000   10.176.128.72              6000      sdb1  16.00        332   41.85 
             2       1     1   10.176.128.73  6000   10.176.128.73              6000      sdb1  20.00        390   33.30 
             4       1     1   10.176.128.75  6000   10.176.128.75              6000      sdb1   0.00          0    0.00 
             5       1     2   10.176.128.76  6000   10.176.128.76              6000      sdb1   0.00         20  999.99 
             6       1     2   10.176.128.77  6000   10.176.128.77              6000      sdb1  20.00        335   14.50 
             7       1     2   10.176.128.78  6000   10.176.128.78              6000      sdb1  20.00        334   14.16 
             9       1     2   10.176.128.80  6000   10.176.128.80              6000      sdb1  20.00        335   14.50 
            10       1     3   10.176.128.81  6000   10.176.128.81              6000      sdb1  15.00        146  -33.46 
            11       1     3   10.176.128.82  6000   10.176.128.82              6000      sdb1  15.00        146  -33.46 
            12       1     3   10.176.128.83  6000   10.176.128.83              6000      sdb1  40.00        441  -24.63 
            13       1     3   10.176.128.84  6000   10.176.128.84              6000      sdb1  12.00        110  -37.34 
            14       1     3   10.176.128.85  6000   10.176.128.85              6000      sdb1  18.00        181  -31.26 
            15       1     4   10.176.128.86  6000   10.176.128.86              6000      sdb1   0.00          0    0.00 

/////Weight of primary 85 = 18

5. Make that primary's services off
I
Make 77- services off

II
Make 85- services off

6. Now rebalance the cluster

swift@proxyNode:/etc/swift$ swift-get-nodes object.ring.gz AUTH_system Rebalance largeFile.csv

Account 	AUTH_system
Container	Rebalance
Object   	largeFile.csv


Partition	0
Hash       	003a4156f325801b57b351646fed73bf

Server:Port Device	10.176.128.78:6000 sdb1
Server:Port Device	10.176.128.83:6000 sdb1
Server:Port Device	10.176.128.72:6000 sdb1
Server:Port Device	10.176.128.80:6000 sdb1	 [Handoff]
Server:Port Device	10.176.128.85:6000 sdb1	 [Handoff]
Server:Port Device	10.176.128.81:6000 sdb1	 [Handoff]

6. While rebalancing is in process - read the file largeFile.csv
swift@proxyNode:~$ bash swiftRead.sh
largeFile.csv [auth 0.015s, headers 2.656s, total 507.407s, 4.304 MB/s]
return value ------------------- 0
Read Time: 507674 ms

--------------------------------
II
swift@proxyNode:/etc/swift$ bash /home/swift/swiftRead.sh

Traceback (most recent call last):
  File "/usr/lib/python2.7/dist-packages/swiftclient/multithreading.py", line 70, in run
    result = self.func(item, *self.args, **self.kwargs)
  File "/usr/bin/swift", line 414, in _download_object
    utime(path, (mtime, mtime))
OSError: [Errno 2] No such file or directory: 'RebalanceFile.csv'

return value ------------------- 0
Read Time: 421485 ms
if done


7. While rebalancing is on - upload files and check lookup time
282 ms

--------
75 ms


